[1m[32m                     ..'[0m
[1m[32m                 ,xNMM.[0m
[1m[32m               .OMMMMo[0m
[1m[32m               lMM"[0m
[1m[32m     .;loddo:.  .olloddol;.[0m
[1m[32m   cKMMMMMMMMMMNWMMMMMMMMMM0:[0m
[1m[33m .KMMMMMMMMMMMMMMMMMMMMMMMWd.[0m
[1m[33m XMMMMMMMMMMMMMMMMMMMMMMMX.[0m
[1m[91m;MMMMMMMMMMMMMMMMMMMMMMMM:[0m
[1m[91m:MMMMMMMMMMMMMMMMMMMMMMMM:[0m
[1m[31m.MMMMMMMMMMMMMMMMMMMMMMMMX.[0m
[1m[31m kMMMMMMMMMMMMMMMMMMMMMMMMWd.[0m
[1m[35m 'XMMMMMMMMMMMMMMMMMMMMMMMMMMk[0m
[1m[35m  'XMMMMMMMMMMMMMMMMMMMMMMMMK.[0m
[1m[34m    kMMMMMMMMMMMMMMMMMMMMMMd[0m
[1m[34m     ;KMMMMMMMWXXWMMMMMMMk.[0m
[1m[34m       "cooc*"    "*coo'"[0m
